../../Drivers/STM32N6xx_HAL_Driver/Inc/stm32n6xx_ll_bus.h:1407:22:LL_AHB4_GRP1_EnableClock	1
../Core/Src/main.c:92:7:hts221_from_lsb_to_celsius	1
../Core/Src/main.c:108:7:hts221_from_lsb_to_humidity	3
../Core/Src/main.c:136:5:main	7
../Core/Src/main.c:329:6:SystemClock_Config	9
../Core/Src/main.c:431:13:MX_I2C1_Init	4
../Core/Src/main.c:479:13:MX_GPIO_Init	1
../Core/Src/main.c:508:9:platform_read	2
../Core/Src/main.c:515:9:platform_write	2
../Core/Src/main.c:529:6:BSP_PB_Callback	2
../Core/Src/main.c:541:6:Error_Handler	1
