../../Drivers/STM32N6xx_HAL_Driver/Inc/stm32n6xx_ll_bus.h:1407:22:LL_AHB4_GRP1_EnableClock	24	static
../Core/Src/main.c:92:7:hts221_from_lsb_to_celsius	40	static
../Core/Src/main.c:108:7:hts221_from_lsb_to_humidity	40	static
../Core/Src/main.c:136:5:main	72	static
../Core/Src/main.c:329:6:SystemClock_Config	224	static
../Core/Src/main.c:431:13:MX_I2C1_Init	8	static
../Core/Src/main.c:479:13:MX_GPIO_Init	32	static
../Core/Src/main.c:508:9:platform_read	48	static
../Core/Src/main.c:515:9:platform_write	48	static
../Core/Src/main.c:529:6:BSP_PB_Callback	16	static
../Core/Src/main.c:541:6:Error_Handler	4	static,ignoring_inline_asm
